
E:\BaiduNetdiskDownload\typora>cd E:\BaiduNetdiskDownload\typora 

E:\BaiduNetdiskDownload\typora>e:

E:\BaiduNetdiskDownload\typora>git add . 

E:\BaiduNetdiskDownload\typora>git commit -m 'autoSave' 
[master 2005584] 'autoSave'
 1 file changed, 0 insertions(+), 0 deletions(-)
 create mode 100644 log.txt

E:\BaiduNetdiskDownload\typora>git push 

E:\BaiduNetdiskDownload\typora>cd E:\BaiduNetdiskDownload\typora 

E:\BaiduNetdiskDownload\typora>e:

E:\BaiduNetdiskDownload\typora>git add . 

E:\BaiduNetdiskDownload\typora>git commit -m 'autoSave' 
[master 5313972] 'autoSave'
 2 files changed, 14 insertions(+)
 create mode 100644 2.bat

E:\BaiduNetdiskDownload\typora>git push 

E:\BaiduNetdiskDownload\typora>cd E:\BaiduNetdiskDownload\typora 

E:\BaiduNetdiskDownload\typora>e:

E:\BaiduNetdiskDownload\typora>echo 2020/01/18 周六11:54:27.47 
2020/01/18 周六11:54:27.47

E:\BaiduNetdiskDownload\typora>git add . 

E:\BaiduNetdiskDownload\typora>git commit -m 'autoSave' 
[master 421e135] 'autoSave'
 1 file changed, 1 insertion(+), 1 deletion(-)

E:\BaiduNetdiskDownload\typora>git push 

E:\BaiduNetdiskDownload\typora>cd E:\BaiduNetdiskDownload\typora 

E:\BaiduNetdiskDownload\typora>e:

E:\BaiduNetdiskDownload\typora>echo 2020/01/20 周一11:51:56.39 
2020/01/20 周一11:51:56.39

E:\BaiduNetdiskDownload\typora>git add . 

E:\BaiduNetdiskDownload\typora>git commit -m 'autoSave' 
[master 3367fa0] 'autoSave'
 19 files changed, 278 insertions(+), 6 deletions(-)
 create mode 100644 "note/\347\275\221\347\273\234\347\274\226\347\250\213/asserts/image-20200118124452563.png"
 create mode 100644 "note/\347\275\221\347\273\234\347\274\226\347\250\213/asserts/image-20200118131356906.png"
 create mode 100644 "note/\347\275\221\347\273\234\347\274\226\347\250\213/asserts/image-20200118132256204.png"
 create mode 100644 "note/\347\275\221\347\273\234\347\274\226\347\250\213/asserts/image-20200118135026114.png"
 create mode 100644 "note/\347\275\221\347\273\234\347\274\226\347\250\213/asserts/image-20200118175853957.png"
 create mode 100644 "note/\347\275\221\347\273\234\347\274\226\347\250\213/asserts/image-20200118185923326.png"
 create mode 100644 "note/\347\275\221\347\273\234\347\274\226\347\250\213/asserts/image-20200118190124408.png"
 create mode 100644 "note/\347\275\221\347\273\234\347\274\226\347\250\213/asserts/image-20200118192352575.png"
 create mode 100644 "note/\347\275\221\347\273\234\347\274\226\347\250\213/asserts/image-20200118193256459.png"
 create mode 100644 "note/\347\275\221\347\273\234\347\274\226\347\250\213/asserts/image-20200118202117671.png"
 create mode 100644 "note/\347\275\221\347\273\234\347\274\226\347\250\213/asserts/image-20200118202119063.png"
 create mode 100644 "note/\347\275\221\347\273\234\347\274\226\347\250\213/asserts/image-20200118202123475.png"
 create mode 100644 "note/\347\275\221\347\273\234\347\274\226\347\250\213/asserts/image-20200118203324419.png"
 create mode 100644 "note/\347\275\221\347\273\234\347\274\226\347\250\213/asserts/image-20200118203622597.png"
 create mode 100644 "note/\347\275\221\347\273\234\347\274\226\347\250\213/asserts/image-20200118204635606.png"
 create mode 100644 "note/\347\275\221\347\273\234\347\274\226\347\250\213/asserts/image-20200118220908384.png"
 create mode 100644 "note/\347\275\221\347\273\234\347\274\226\347\250\213/asserts/image-20200119231025691.png"

E:\BaiduNetdiskDownload\typora>git push 

E:\BaiduNetdiskDownload\typora>cd E:\BaiduNetdiskDownload\typora 

E:\BaiduNetdiskDownload\typora>e:

E:\BaiduNetdiskDownload\typora>echo 2020/01/20 周一11:56:50.75 
2020/01/20 周一11:56:50.75

E:\BaiduNetdiskDownload\typora>git add . 

E:\BaiduNetdiskDownload\typora>git commit -m 'autoSave' 
[master efa545b] 'autoSave'
 1 file changed, 32 insertions(+)

E:\BaiduNetdiskDownload\typora>git push 

E:\BaiduNetdiskDownload\typora>cd E:\BaiduNetdiskDownload\typora 

E:\BaiduNetdiskDownload\typora>e:

E:\BaiduNetdiskDownload\typora>echo 2020/01/21 周二11:49:57.17 
2020/01/21 周二11:49:57.17

E:\BaiduNetdiskDownload\typora>git add . 

E:\BaiduNetdiskDownload\typora>git commit -m 'autoSave' 
[master 42037ee] 'autoSave'
 5 files changed, 64 insertions(+), 7 deletions(-)
 create mode 100644 "note/\347\275\221\347\273\234\347\274\226\347\250\213/asserts/image-20200120231013951.png"
 create mode 100644 "note/\347\275\221\347\273\234\347\274\226\347\250\213/asserts/image-20200120233249974.png"
 create mode 100644 "note/\347\275\221\347\273\234\347\274\226\347\250\213/asserts/image-20200120233325210.png"

E:\BaiduNetdiskDownload\typora>git push 

E:\BaiduNetdiskDownload\typora>cd E:\BaiduNetdiskDownload\typora 

E:\BaiduNetdiskDownload\typora>e:

E:\BaiduNetdiskDownload\typora>echo 2020/01/22 周三11:49:55.04 
2020/01/22 周三11:49:55.04

E:\BaiduNetdiskDownload\typora>git add . 

E:\BaiduNetdiskDownload\typora>git commit -m 'autoSave' 
[master bf8217c] 'autoSave'
 6 files changed, 109 insertions(+), 13 deletions(-)
 create mode 100644 "note/\347\275\221\347\273\234\347\274\226\347\250\213/asserts/image-20200121204046230.png"
 create mode 100644 "note/\347\275\221\347\273\234\347\274\226\347\250\213/asserts/image-20200121230526894.png"
 create mode 100644 "note/\347\275\221\347\273\234\347\274\226\347\250\213/asserts/image-20200121234113370.png"
 create mode 100644 "note/\347\275\221\347\273\234\347\274\226\347\250\213/asserts/image-20200121234904898.png"

E:\BaiduNetdiskDownload\typora>git push 

E:\BaiduNetdiskDownload\typora>cd E:\BaiduNetdiskDownload\typora 

E:\BaiduNetdiskDownload\typora>e:

E:\BaiduNetdiskDownload\typora>echo 2020/02/04 周二11:59:43.12 
2020/02/04 周二11:59:43.12

E:\BaiduNetdiskDownload\typora>git add . 

E:\BaiduNetdiskDownload\typora>git commit -m 'autoSave' 
[master 0304eb8] 'autoSave'
 4 files changed, 55 insertions(+), 5 deletions(-)
 create mode 100644 "note/\347\275\221\347\273\234\347\274\226\347\250\213/asserts/image-20200203145208093.png"
 create mode 100644 "note/\347\275\221\347\273\234\347\274\226\347\250\213/asserts/image-20200203145209540.png"
 create mode 100644 "note/\347\275\221\347\273\234\347\274\226\347\250\213/asserts/image-20200203154409645.png"

E:\BaiduNetdiskDownload\typora>git push 

E:\BaiduNetdiskDownload\typora>cd E:\BaiduNetdiskDownload\typora 

E:\BaiduNetdiskDownload\typora>e:

E:\BaiduNetdiskDownload\typora>echo 2020/02/05 周三11:49:55.54 
2020/02/05 周三11:49:55.54

E:\BaiduNetdiskDownload\typora>git add . 

E:\BaiduNetdiskDownload\typora>git commit -m 'autoSave' 
[master 8a6e55a] 'autoSave'
 1 file changed, 18 insertions(+)

E:\BaiduNetdiskDownload\typora>git push 

E:\BaiduNetdiskDownload\typora>cd E:\BaiduNetdiskDownload\typora 

E:\BaiduNetdiskDownload\typora>e:

E:\BaiduNetdiskDownload\typora>echo 2020/02/06 周四11:49:55.63 
2020/02/06 周四11:49:55.63

E:\BaiduNetdiskDownload\typora>git add . 

E:\BaiduNetdiskDownload\typora>git commit -m 'autoSave' 
[master c29d6a0] 'autoSave'
 1 file changed, 15 insertions(+)

E:\BaiduNetdiskDownload\typora>git push 

E:\BaiduNetdiskDownload\typora>cd E:\BaiduNetdiskDownload\typora 

E:\BaiduNetdiskDownload\typora>e:

E:\BaiduNetdiskDownload\typora>echo 2020/02/07 周五11:49:55.32 
2020/02/07 周五11:49:55.32

E:\BaiduNetdiskDownload\typora>git add . 

E:\BaiduNetdiskDownload\typora>git commit -m 'autoSave' 
[master c25a69d] 'autoSave'
 17 files changed, 195 insertions(+), 32 deletions(-)
 rename "note/\344\270\255\351\227\264\344\273\266/nginx.md" => "note/\344\270\255\351\227\264\344\273\266/nginx&OpenResty.md" (100%)
 create mode 100644 "note/\347\275\221\347\273\234\347\274\226\347\250\213/asserts/image-20200206144605417.png"
 create mode 100644 "note/\347\275\221\347\273\234\347\274\226\347\250\213/asserts/image-20200207092020776.png"
 create mode 100644 "note/\347\275\221\347\273\234\347\274\226\347\250\213/asserts/image-20200207092113409.png"
 create mode 100644 "note/\347\275\221\347\273\234\347\274\226\347\250\213/asserts/image-20200207093808225.png"
 create mode 100644 "note/\347\275\221\347\273\234\347\274\226\347\250\213/asserts/image-20200207093934355.png"
 create mode 100644 "note/\347\275\221\347\273\234\347\274\226\347\250\213/asserts/image-20200207094156171.png"
 create mode 100644 "note/\347\275\221\347\273\234\347\274\226\347\250\213/asserts/image-20200207095442178.png"
 create mode 100644 "note/\347\275\221\347\273\234\347\274\226\347\250\213/asserts/image-20200207095849138.png"
 create mode 100644 "note/\347\275\221\347\273\234\347\274\226\347\250\213/asserts/image-20200207103250941.png"
 create mode 100644 "note/\347\275\221\347\273\234\347\274\226\347\250\213/asserts/image-20200207112319719.png"
 create mode 100644 "note/\347\275\221\347\273\234\347\274\226\347\250\213/asserts/image-20200207112354951.png"
 create mode 100644 "note/\347\275\221\347\273\234\347\274\226\347\250\213/asserts/image-20200207112533875.png"
 create mode 100644 "note/\347\275\221\347\273\234\347\274\226\347\250\213/asserts/image-20200207112543201.png"

E:\BaiduNetdiskDownload\typora>git push 
