
E:\BaiduNetdiskDownload\typora>cd E:\BaiduNetdiskDownload\typora 

E:\BaiduNetdiskDownload\typora>e:

E:\BaiduNetdiskDownload\typora>git add . 

E:\BaiduNetdiskDownload\typora>git commit -m 'autoSave' 
[master 2005584] 'autoSave'
 1 file changed, 0 insertions(+), 0 deletions(-)
 create mode 100644 log.txt

E:\BaiduNetdiskDownload\typora>git push 

E:\BaiduNetdiskDownload\typora>cd E:\BaiduNetdiskDownload\typora 

E:\BaiduNetdiskDownload\typora>e:

E:\BaiduNetdiskDownload\typora>git add . 

E:\BaiduNetdiskDownload\typora>git commit -m 'autoSave' 
[master 5313972] 'autoSave'
 2 files changed, 14 insertions(+)
 create mode 100644 2.bat

E:\BaiduNetdiskDownload\typora>git push 

E:\BaiduNetdiskDownload\typora>cd E:\BaiduNetdiskDownload\typora 

E:\BaiduNetdiskDownload\typora>e:

E:\BaiduNetdiskDownload\typora>echo 2020/01/18 周六11:54:27.47 
2020/01/18 周六11:54:27.47

E:\BaiduNetdiskDownload\typora>git add . 

E:\BaiduNetdiskDownload\typora>git commit -m 'autoSave' 
[master 421e135] 'autoSave'
 1 file changed, 1 insertion(+), 1 deletion(-)

E:\BaiduNetdiskDownload\typora>git push 

E:\BaiduNetdiskDownload\typora>cd E:\BaiduNetdiskDownload\typora 

E:\BaiduNetdiskDownload\typora>e:

E:\BaiduNetdiskDownload\typora>echo 2020/01/20 周一11:51:56.39 
2020/01/20 周一11:51:56.39

E:\BaiduNetdiskDownload\typora>git add . 

E:\BaiduNetdiskDownload\typora>git commit -m 'autoSave' 
[master 3367fa0] 'autoSave'
 19 files changed, 278 insertions(+), 6 deletions(-)
 create mode 100644 "note/\347\275\221\347\273\234\347\274\226\347\250\213/asserts/image-20200118124452563.png"
 create mode 100644 "note/\347\275\221\347\273\234\347\274\226\347\250\213/asserts/image-20200118131356906.png"
 create mode 100644 "note/\347\275\221\347\273\234\347\274\226\347\250\213/asserts/image-20200118132256204.png"
 create mode 100644 "note/\347\275\221\347\273\234\347\274\226\347\250\213/asserts/image-20200118135026114.png"
 create mode 100644 "note/\347\275\221\347\273\234\347\274\226\347\250\213/asserts/image-20200118175853957.png"
 create mode 100644 "note/\347\275\221\347\273\234\347\274\226\347\250\213/asserts/image-20200118185923326.png"
 create mode 100644 "note/\347\275\221\347\273\234\347\274\226\347\250\213/asserts/image-20200118190124408.png"
 create mode 100644 "note/\347\275\221\347\273\234\347\274\226\347\250\213/asserts/image-20200118192352575.png"
 create mode 100644 "note/\347\275\221\347\273\234\347\274\226\347\250\213/asserts/image-20200118193256459.png"
 create mode 100644 "note/\347\275\221\347\273\234\347\274\226\347\250\213/asserts/image-20200118202117671.png"
 create mode 100644 "note/\347\275\221\347\273\234\347\274\226\347\250\213/asserts/image-20200118202119063.png"
 create mode 100644 "note/\347\275\221\347\273\234\347\274\226\347\250\213/asserts/image-20200118202123475.png"
 create mode 100644 "note/\347\275\221\347\273\234\347\274\226\347\250\213/asserts/image-20200118203324419.png"
 create mode 100644 "note/\347\275\221\347\273\234\347\274\226\347\250\213/asserts/image-20200118203622597.png"
 create mode 100644 "note/\347\275\221\347\273\234\347\274\226\347\250\213/asserts/image-20200118204635606.png"
 create mode 100644 "note/\347\275\221\347\273\234\347\274\226\347\250\213/asserts/image-20200118220908384.png"
 create mode 100644 "note/\347\275\221\347\273\234\347\274\226\347\250\213/asserts/image-20200119231025691.png"

E:\BaiduNetdiskDownload\typora>git push 

E:\BaiduNetdiskDownload\typora>cd E:\BaiduNetdiskDownload\typora 

E:\BaiduNetdiskDownload\typora>e:

E:\BaiduNetdiskDownload\typora>echo 2020/01/20 周一11:56:50.75 
2020/01/20 周一11:56:50.75

E:\BaiduNetdiskDownload\typora>git add . 

E:\BaiduNetdiskDownload\typora>git commit -m 'autoSave' 
[master efa545b] 'autoSave'
 1 file changed, 32 insertions(+)

E:\BaiduNetdiskDownload\typora>git push 

E:\BaiduNetdiskDownload\typora>cd E:\BaiduNetdiskDownload\typora 

E:\BaiduNetdiskDownload\typora>e:

E:\BaiduNetdiskDownload\typora>echo 2020/01/21 周二11:49:57.17 
2020/01/21 周二11:49:57.17

E:\BaiduNetdiskDownload\typora>git add . 

E:\BaiduNetdiskDownload\typora>git commit -m 'autoSave' 
[master 42037ee] 'autoSave'
 5 files changed, 64 insertions(+), 7 deletions(-)
 create mode 100644 "note/\347\275\221\347\273\234\347\274\226\347\250\213/asserts/image-20200120231013951.png"
 create mode 100644 "note/\347\275\221\347\273\234\347\274\226\347\250\213/asserts/image-20200120233249974.png"
 create mode 100644 "note/\347\275\221\347\273\234\347\274\226\347\250\213/asserts/image-20200120233325210.png"

E:\BaiduNetdiskDownload\typora>git push 

E:\BaiduNetdiskDownload\typora>cd E:\BaiduNetdiskDownload\typora 

E:\BaiduNetdiskDownload\typora>e:

E:\BaiduNetdiskDownload\typora>echo 2020/01/22 周三11:49:55.04 
2020/01/22 周三11:49:55.04

E:\BaiduNetdiskDownload\typora>git add . 

E:\BaiduNetdiskDownload\typora>git commit -m 'autoSave' 
[master bf8217c] 'autoSave'
 6 files changed, 109 insertions(+), 13 deletions(-)
 create mode 100644 "note/\347\275\221\347\273\234\347\274\226\347\250\213/asserts/image-20200121204046230.png"
 create mode 100644 "note/\347\275\221\347\273\234\347\274\226\347\250\213/asserts/image-20200121230526894.png"
 create mode 100644 "note/\347\275\221\347\273\234\347\274\226\347\250\213/asserts/image-20200121234113370.png"
 create mode 100644 "note/\347\275\221\347\273\234\347\274\226\347\250\213/asserts/image-20200121234904898.png"

E:\BaiduNetdiskDownload\typora>git push 

E:\BaiduNetdiskDownload\typora>cd E:\BaiduNetdiskDownload\typora 

E:\BaiduNetdiskDownload\typora>e:

E:\BaiduNetdiskDownload\typora>echo 2020/02/04 周二11:59:43.12 
2020/02/04 周二11:59:43.12

E:\BaiduNetdiskDownload\typora>git add . 

E:\BaiduNetdiskDownload\typora>git commit -m 'autoSave' 
[master 0304eb8] 'autoSave'
 4 files changed, 55 insertions(+), 5 deletions(-)
 create mode 100644 "note/\347\275\221\347\273\234\347\274\226\347\250\213/asserts/image-20200203145208093.png"
 create mode 100644 "note/\347\275\221\347\273\234\347\274\226\347\250\213/asserts/image-20200203145209540.png"
 create mode 100644 "note/\347\275\221\347\273\234\347\274\226\347\250\213/asserts/image-20200203154409645.png"

E:\BaiduNetdiskDownload\typora>git push 

E:\BaiduNetdiskDownload\typora>cd E:\BaiduNetdiskDownload\typora 

E:\BaiduNetdiskDownload\typora>e:

E:\BaiduNetdiskDownload\typora>echo 2020/02/05 周三11:49:55.54 
2020/02/05 周三11:49:55.54

E:\BaiduNetdiskDownload\typora>git add . 

E:\BaiduNetdiskDownload\typora>git commit -m 'autoSave' 
[master 8a6e55a] 'autoSave'
 1 file changed, 18 insertions(+)

E:\BaiduNetdiskDownload\typora>git push 

E:\BaiduNetdiskDownload\typora>cd E:\BaiduNetdiskDownload\typora 

E:\BaiduNetdiskDownload\typora>e:

E:\BaiduNetdiskDownload\typora>echo 2020/02/06 周四11:49:55.63 
2020/02/06 周四11:49:55.63

E:\BaiduNetdiskDownload\typora>git add . 

E:\BaiduNetdiskDownload\typora>git commit -m 'autoSave' 
[master c29d6a0] 'autoSave'
 1 file changed, 15 insertions(+)

E:\BaiduNetdiskDownload\typora>git push 

E:\BaiduNetdiskDownload\typora>cd E:\BaiduNetdiskDownload\typora 

E:\BaiduNetdiskDownload\typora>e:

E:\BaiduNetdiskDownload\typora>echo 2020/02/07 周五11:49:55.32 
2020/02/07 周五11:49:55.32

E:\BaiduNetdiskDownload\typora>git add . 

E:\BaiduNetdiskDownload\typora>git commit -m 'autoSave' 
[master c25a69d] 'autoSave'
 17 files changed, 195 insertions(+), 32 deletions(-)
 rename "note/\344\270\255\351\227\264\344\273\266/nginx.md" => "note/\344\270\255\351\227\264\344\273\266/nginx&OpenResty.md" (100%)
 create mode 100644 "note/\347\275\221\347\273\234\347\274\226\347\250\213/asserts/image-20200206144605417.png"
 create mode 100644 "note/\347\275\221\347\273\234\347\274\226\347\250\213/asserts/image-20200207092020776.png"
 create mode 100644 "note/\347\275\221\347\273\234\347\274\226\347\250\213/asserts/image-20200207092113409.png"
 create mode 100644 "note/\347\275\221\347\273\234\347\274\226\347\250\213/asserts/image-20200207093808225.png"
 create mode 100644 "note/\347\275\221\347\273\234\347\274\226\347\250\213/asserts/image-20200207093934355.png"
 create mode 100644 "note/\347\275\221\347\273\234\347\274\226\347\250\213/asserts/image-20200207094156171.png"
 create mode 100644 "note/\347\275\221\347\273\234\347\274\226\347\250\213/asserts/image-20200207095442178.png"
 create mode 100644 "note/\347\275\221\347\273\234\347\274\226\347\250\213/asserts/image-20200207095849138.png"
 create mode 100644 "note/\347\275\221\347\273\234\347\274\226\347\250\213/asserts/image-20200207103250941.png"
 create mode 100644 "note/\347\275\221\347\273\234\347\274\226\347\250\213/asserts/image-20200207112319719.png"
 create mode 100644 "note/\347\275\221\347\273\234\347\274\226\347\250\213/asserts/image-20200207112354951.png"
 create mode 100644 "note/\347\275\221\347\273\234\347\274\226\347\250\213/asserts/image-20200207112533875.png"
 create mode 100644 "note/\347\275\221\347\273\234\347\274\226\347\250\213/asserts/image-20200207112543201.png"

E:\BaiduNetdiskDownload\typora>git push 

E:\BaiduNetdiskDownload\typora>cd E:\BaiduNetdiskDownload\typora 

E:\BaiduNetdiskDownload\typora>e:

E:\BaiduNetdiskDownload\typora>echo 2020/02/08 周六11:49:57.01 
2020/02/08 周六11:49:57.01

E:\BaiduNetdiskDownload\typora>git add . 

E:\BaiduNetdiskDownload\typora>git commit -m 'autoSave' 
[master 2e79211] 'autoSave'
 3 files changed, 53 insertions(+), 4 deletions(-)
 create mode 100644 "note/\347\275\221\347\273\234\347\274\226\347\250\213/asserts/image-20200208112851843.png"

E:\BaiduNetdiskDownload\typora>git push 

E:\BaiduNetdiskDownload\typora>cd E:\BaiduNetdiskDownload\typora 

E:\BaiduNetdiskDownload\typora>e:

E:\BaiduNetdiskDownload\typora>echo 2020/02/09 周日11:49:58.01 
2020/02/09 周日11:49:58.01

E:\BaiduNetdiskDownload\typora>git add . 

E:\BaiduNetdiskDownload\typora>git commit -m 'autoSave' 
[master 444230c] 'autoSave'
 14 files changed, 148 insertions(+), 23 deletions(-)
 create mode 100644 "note/\347\275\221\347\273\234\347\274\226\347\250\213/asserts/image-20200208121341849.png"
 create mode 100644 "note/\347\275\221\347\273\234\347\274\226\347\250\213/asserts/image-20200208150240761.png"
 create mode 100644 "note/\347\275\221\347\273\234\347\274\226\347\250\213/asserts/image-20200208150246705.png"
 create mode 100644 "note/\347\275\221\347\273\234\347\274\226\347\250\213/asserts/image-20200208205236341.png"
 create mode 100644 "note/\347\275\221\347\273\234\347\274\226\347\250\213/asserts/image-20200208205301237.png"
 create mode 100644 "note/\347\275\221\347\273\234\347\274\226\347\250\213/asserts/image-20200208205313441.png"
 create mode 100644 "note/\347\275\221\347\273\234\347\274\226\347\250\213/asserts/image-20200208205733676.png"
 create mode 100644 "note/\347\275\221\347\273\234\347\274\226\347\250\213/asserts/image-20200208205808995.png"
 create mode 100644 "note/\347\275\221\347\273\234\347\274\226\347\250\213/asserts/image-20200208205938364.png"
 create mode 100644 "note/\347\275\221\347\273\234\347\274\226\347\250\213/asserts/image-20200209102924286.png"
 create mode 100644 "note/\347\275\221\347\273\234\347\274\226\347\250\213/asserts/image-20200209103215143.png"

E:\BaiduNetdiskDownload\typora>git push 

E:\BaiduNetdiskDownload\typora>cd E:\BaiduNetdiskDownload\typora 

E:\BaiduNetdiskDownload\typora>e:

E:\BaiduNetdiskDownload\typora>echo 2020/02/10 周一11:49:55.97 
2020/02/10 周一11:49:55.97

E:\BaiduNetdiskDownload\typora>git add . 

E:\BaiduNetdiskDownload\typora>git commit -m 'autoSave' 
[master be9ed95] 'autoSave'
 6 files changed, 127 insertions(+), 8 deletions(-)
 create mode 100644 "note/\347\275\221\347\273\234\347\274\226\347\250\213/asserts/image-20200209121208238.png"
 create mode 100644 "note/\347\275\221\347\273\234\347\274\226\347\250\213/asserts/image-20200209155606465.png"
 create mode 100644 "note/\347\275\221\347\273\234\347\274\226\347\250\213/asserts/image-20200209210754474.png"
 create mode 100644 "note/\347\275\221\347\273\234\347\274\226\347\250\213/asserts/image-20200209210953327.png"

E:\BaiduNetdiskDownload\typora>git push 

E:\BaiduNetdiskDownload\typora>cd E:\BaiduNetdiskDownload\typora 

E:\BaiduNetdiskDownload\typora>e:

E:\BaiduNetdiskDownload\typora>echo 2020/02/11 周二11:49:57.65 
2020/02/11 周二11:49:57.65

E:\BaiduNetdiskDownload\typora>git add . 

E:\BaiduNetdiskDownload\typora>git commit -m 'autoSave' 
[master 91d47f3] 'autoSave'
 1 file changed, 19 insertions(+)

E:\BaiduNetdiskDownload\typora>git push 

E:\BaiduNetdiskDownload\typora>cd E:\BaiduNetdiskDownload\typora 

E:\BaiduNetdiskDownload\typora>e:

E:\BaiduNetdiskDownload\typora>echo 2020/02/12 周三11:49:57.25 
2020/02/12 周三11:49:57.25

E:\BaiduNetdiskDownload\typora>git add . 

E:\BaiduNetdiskDownload\typora>git commit -m 'autoSave' 
[master 2b33264] 'autoSave'
 9 files changed, 87 insertions(+), 3 deletions(-)
 create mode 100644 note/asserts/image-20200212112623321.png
 create mode 100644 note/asserts/image-20200212112642803.png
 create mode 100644 note/asserts/image-20200212112711967.png
 create mode 100644 note/asserts/image-20200212112717492.png
 create mode 100644 note/asserts/image-20200212114035841.png
 create mode 100644 "note/\351\235\242\350\257\225\351\242\230.md"

E:\BaiduNetdiskDownload\typora>git push 

E:\BaiduNetdiskDownload\typora>cd E:\BaiduNetdiskDownload\typora 

E:\BaiduNetdiskDownload\typora>e:

E:\BaiduNetdiskDownload\typora>echo 2020/02/13 周四11:49:55.84 
2020/02/13 周四11:49:55.84

E:\BaiduNetdiskDownload\typora>git add . 

E:\BaiduNetdiskDownload\typora>git commit -m 'autoSave' 
[master 3309f26] 'autoSave'
 4 files changed, 51 insertions(+), 3 deletions(-)
 create mode 100644 note/asserts/image-20200212190932719.png
 create mode 100644 note/asserts/image-20200212191208254.png

E:\BaiduNetdiskDownload\typora>git push 

E:\BaiduNetdiskDownload\typora>cd E:\BaiduNetdiskDownload\typora 

E:\BaiduNetdiskDownload\typora>e:

E:\BaiduNetdiskDownload\typora>echo 2020/02/14 周五11:49:55.02 
2020/02/14 周五11:49:55.02

E:\BaiduNetdiskDownload\typora>git add . 

E:\BaiduNetdiskDownload\typora>git commit -m 'autoSave' 
[master f2b32ba] 'autoSave'
 3 files changed, 39 insertions(+), 7 deletions(-)
 create mode 100644 note/asserts/image-20200213234345950.png

E:\BaiduNetdiskDownload\typora>git push 

E:\BaiduNetdiskDownload\typora>cd E:\BaiduNetdiskDownload\typora 

E:\BaiduNetdiskDownload\typora>e:

E:\BaiduNetdiskDownload\typora>echo 2020/02/16 周日11:49:56.85 
2020/02/16 周日11:49:56.85

E:\BaiduNetdiskDownload\typora>git add . 

E:\BaiduNetdiskDownload\typora>git commit -m 'autoSave' 
[master b62a564] 'autoSave'
 2 files changed, 49 insertions(+), 5 deletions(-)

E:\BaiduNetdiskDownload\typora>git push 

E:\BaiduNetdiskDownload\typora>cd E:\BaiduNetdiskDownload\typora 

E:\BaiduNetdiskDownload\typora>e:

E:\BaiduNetdiskDownload\typora>echo 2020/02/17 周一11:49:55.54 
2020/02/17 周一11:49:55.54

E:\BaiduNetdiskDownload\typora>git add . 

E:\BaiduNetdiskDownload\typora>git commit -m 'autoSave' 
[master 3a70f78] 'autoSave'
 4 files changed, 35 insertions(+), 6 deletions(-)
 create mode 100644 note/asserts/image-20200216115111375.png
 create mode 100644 note/asserts/image-20200216115118977.png

E:\BaiduNetdiskDownload\typora>git push 

E:\BaiduNetdiskDownload\typora>cd E:\BaiduNetdiskDownload\typora 

E:\BaiduNetdiskDownload\typora>e:

E:\BaiduNetdiskDownload\typora>echo 2020/02/18 周二11:49:55.61 
2020/02/18 周二11:49:55.61

E:\BaiduNetdiskDownload\typora>git add . 

E:\BaiduNetdiskDownload\typora>git commit -m 'autoSave' 
[master 8344494] 'autoSave'
 2 files changed, 31 insertions(+), 3 deletions(-)

E:\BaiduNetdiskDownload\typora>git push 

E:\BaiduNetdiskDownload\typora>cd E:\BaiduNetdiskDownload\typora 

E:\BaiduNetdiskDownload\typora>e:

E:\BaiduNetdiskDownload\typora>echo 2020/02/19 周三11:49:55.32 
2020/02/19 周三11:49:55.32

E:\BaiduNetdiskDownload\typora>git add . 

E:\BaiduNetdiskDownload\typora>git commit -m 'autoSave' 
[master 3ee608e] 'autoSave'
 2 files changed, 22 insertions(+), 5 deletions(-)

E:\BaiduNetdiskDownload\typora>git push 

E:\BaiduNetdiskDownload\typora>cd E:\BaiduNetdiskDownload\typora 

E:\BaiduNetdiskDownload\typora>e:

E:\BaiduNetdiskDownload\typora>echo 2020/02/20 周四11:49:55.83 
2020/02/20 周四11:49:55.83

E:\BaiduNetdiskDownload\typora>git add . 

E:\BaiduNetdiskDownload\typora>git commit -m 'autoSave' 
[master 2683ac0] 'autoSave'
 2 files changed, 68 insertions(+), 3 deletions(-)

E:\BaiduNetdiskDownload\typora>git push 

E:\BaiduNetdiskDownload\typora>cd E:\BaiduNetdiskDownload\typora 

E:\BaiduNetdiskDownload\typora>e:

E:\BaiduNetdiskDownload\typora>echo 2020/02/21 周五11:49:56.13 
2020/02/21 周五11:49:56.13

E:\BaiduNetdiskDownload\typora>git add . 

E:\BaiduNetdiskDownload\typora>git commit -m 'autoSave' 
[master 4d32c4f] 'autoSave'
 2 files changed, 22 insertions(+), 2 deletions(-)

E:\BaiduNetdiskDownload\typora>git push 

E:\BaiduNetdiskDownload\typora>cd E:\BaiduNetdiskDownload\typora 

E:\BaiduNetdiskDownload\typora>e:

E:\BaiduNetdiskDownload\typora>echo 2020/02/24 周一11:49:54.25 
2020/02/24 周一11:49:54.25

E:\BaiduNetdiskDownload\typora>git add . 

E:\BaiduNetdiskDownload\typora>git commit -m 'autoSave' 
[master 0f3cb74] 'autoSave'
 3 files changed, 38 insertions(+), 8 deletions(-)

E:\BaiduNetdiskDownload\typora>git push 

E:\BaiduNetdiskDownload\typora>cd E:\BaiduNetdiskDownload\typora 

E:\BaiduNetdiskDownload\typora>e:

E:\BaiduNetdiskDownload\typora>echo 2020/02/25 周二11:49:54.48 
2020/02/25 周二11:49:54.48

E:\BaiduNetdiskDownload\typora>git add . 

E:\BaiduNetdiskDownload\typora>git commit -m 'autoSave' 
[master 6730cdf] 'autoSave'
 4 files changed, 20 insertions(+), 4 deletions(-)
 create mode 100644 "note/JAVA\345\237\272\347\241\200/JVM.md"
 create mode 100644 "note/\344\270\255\351\227\264\344\273\266/zookeeper.md"

E:\BaiduNetdiskDownload\typora>git push 

E:\BaiduNetdiskDownload\typora>cd E:\BaiduNetdiskDownload\typora 

E:\BaiduNetdiskDownload\typora>e:

E:\BaiduNetdiskDownload\typora>echo 2020/02/26 周三11:49:54.16 
2020/02/26 周三11:49:54.16

E:\BaiduNetdiskDownload\typora>git add . 

E:\BaiduNetdiskDownload\typora>git commit -m 'autoSave' 
[master cf10a77] 'autoSave'
 2 files changed, 125 insertions(+), 1 deletion(-)
 rewrite "note/\344\270\255\351\227\264\344\273\266/zookeeper.md" (100%)

E:\BaiduNetdiskDownload\typora>git push 

E:\BaiduNetdiskDownload\typora>cd E:\BaiduNetdiskDownload\typora 

E:\BaiduNetdiskDownload\typora>e:

E:\BaiduNetdiskDownload\typora>echo 2020/02/27 周四11:49:54.73 
2020/02/27 周四11:49:54.73

E:\BaiduNetdiskDownload\typora>git add . 

E:\BaiduNetdiskDownload\typora>git commit -m 'autoSave' 
[master 0f7a4c4] 'autoSave'
 3 files changed, 75 insertions(+), 1 deletion(-)
 create mode 100644 "note/\344\270\255\351\227\264\344\273\266/asserts/image-20200226151837676.png"

E:\BaiduNetdiskDownload\typora>git push 

E:\BaiduNetdiskDownload\typora>cd E:\BaiduNetdiskDownload\typora 

E:\BaiduNetdiskDownload\typora>e:

E:\BaiduNetdiskDownload\typora>echo 2020/02/28 周五11:49:55.17 
2020/02/28 周五11:49:55.17

E:\BaiduNetdiskDownload\typora>git add . 

E:\BaiduNetdiskDownload\typora>git commit -m 'autoSave' 
[master 94c8701] 'autoSave'
 2 files changed, 23 insertions(+), 1 deletion(-)

E:\BaiduNetdiskDownload\typora>git push 

E:\BaiduNetdiskDownload\typora>cd E:\BaiduNetdiskDownload\typora 

E:\BaiduNetdiskDownload\typora>e:

E:\BaiduNetdiskDownload\typora>echo 2020/03/01 周日11:49:53.96 
2020/03/01 周日11:49:53.96

E:\BaiduNetdiskDownload\typora>git add . 

E:\BaiduNetdiskDownload\typora>git commit -m 'autoSave' 
[master 889da38] 'autoSave'
 3 files changed, 63 insertions(+), 3 deletions(-)
 create mode 100644 "note/\344\270\255\351\227\264\344\273\266/asserts/image-20200228170645405.png"

E:\BaiduNetdiskDownload\typora>git push 

E:\BaiduNetdiskDownload\typora>cd E:\BaiduNetdiskDownload\typora 

E:\BaiduNetdiskDownload\typora>e:

E:\BaiduNetdiskDownload\typora>echo 2020/03/02 周一11:49:56.72 
2020/03/02 周一11:49:56.72

E:\BaiduNetdiskDownload\typora>git add . 

E:\BaiduNetdiskDownload\typora>git commit -m 'autoSave' 
[master e3ab96f] 'autoSave'
 1 file changed, 16 insertions(+)

E:\BaiduNetdiskDownload\typora>git push 

E:\BaiduNetdiskDownload\typora>cd E:\BaiduNetdiskDownload\typora 

E:\BaiduNetdiskDownload\typora>e:

E:\BaiduNetdiskDownload\typora>echo 2020/03/03 周二11:49:53.90 
2020/03/03 周二11:49:53.90

E:\BaiduNetdiskDownload\typora>git add . 

E:\BaiduNetdiskDownload\typora>git commit -m 'autoSave' 
[master 7b56f0c] 'autoSave'
 3 files changed, 111 insertions(+), 6 deletions(-)
 create mode 100644 "note/\344\270\255\351\227\264\344\273\266/asserts/image-20200302223132532.png"

E:\BaiduNetdiskDownload\typora>git push 

E:\BaiduNetdiskDownload\typora>cd E:\BaiduNetdiskDownload\typora 

E:\BaiduNetdiskDownload\typora>e:

E:\BaiduNetdiskDownload\typora>echo 2020/03/04 周三11:49:54.02 
2020/03/04 周三11:49:54.02

E:\BaiduNetdiskDownload\typora>git add . 

E:\BaiduNetdiskDownload\typora>git commit -m 'autoSave' 
[master ca71206] 'autoSave'
 1 file changed, 16 insertions(+)

E:\BaiduNetdiskDownload\typora>git push 

E:\BaiduNetdiskDownload\typora>cd E:\BaiduNetdiskDownload\typora 

E:\BaiduNetdiskDownload\typora>e:

E:\BaiduNetdiskDownload\typora>echo 2020/03/05 周四11:49:54.91 
2020/03/05 周四11:49:54.91

E:\BaiduNetdiskDownload\typora>git add . 

E:\BaiduNetdiskDownload\typora>git commit -m 'autoSave' 
[master 6db9a41] 'autoSave'
 2 files changed, 17 insertions(+)
 create mode 100644 note/Yapi.md

E:\BaiduNetdiskDownload\typora>git push 

E:\BaiduNetdiskDownload\typora>cd E:\BaiduNetdiskDownload\typora 

E:\BaiduNetdiskDownload\typora>e:

E:\BaiduNetdiskDownload\typora>echo 2020/03/06 周五11:49:54.49 
2020/03/06 周五11:49:54.49

E:\BaiduNetdiskDownload\typora>git add . 

E:\BaiduNetdiskDownload\typora>git commit -m 'autoSave' 
[master d9c0651] 'autoSave'
 2 files changed, 75 insertions(+), 1 deletion(-)

E:\BaiduNetdiskDownload\typora>git push 

E:\BaiduNetdiskDownload\typora>cd E:\BaiduNetdiskDownload\typora 

E:\BaiduNetdiskDownload\typora>e:

E:\BaiduNetdiskDownload\typora>echo 2020/03/09 周一11:49:54.49 
2020/03/09 周一11:49:54.49

E:\BaiduNetdiskDownload\typora>git add . 

E:\BaiduNetdiskDownload\typora>git commit -m 'autoSave' 
[master 56d4057] 'autoSave'
 4 files changed, 251 insertions(+), 60 deletions(-)
 rewrite note/Yapi.md (97%)
 create mode 100644 note/asserts/image-20200309100421332.png
 create mode 100644 note/asserts/image-20200309100540664.png

E:\BaiduNetdiskDownload\typora>git push 

E:\BaiduNetdiskDownload\typora>cd E:\BaiduNetdiskDownload\typora 

E:\BaiduNetdiskDownload\typora>e:

E:\BaiduNetdiskDownload\typora>echo 2020/03/10 周二11:49:54.47 
2020/03/10 周二11:49:54.47

E:\BaiduNetdiskDownload\typora>git add . 

E:\BaiduNetdiskDownload\typora>git commit -m 'autoSave' 
[master e7dd3b7] 'autoSave'
 6 files changed, 249 insertions(+), 237 deletions(-)
 rewrite note/Yapi.md (93%)
 create mode 100644 note/asserts/image-20200309144952611.png
 create mode 100644 note/asserts/image-20200309145035391.png

E:\BaiduNetdiskDownload\typora>git push 

E:\BaiduNetdiskDownload\typora>cd E:\BaiduNetdiskDownload\typora 

E:\BaiduNetdiskDownload\typora>e:

E:\BaiduNetdiskDownload\typora>echo 2020/03/11 周三11:49:53.65 
2020/03/11 周三11:49:53.65

E:\BaiduNetdiskDownload\typora>git add . 

E:\BaiduNetdiskDownload\typora>git commit -m 'autoSave' 
[master 0ea8ebf] 'autoSave'
 2 files changed, 31 insertions(+), 1 deletion(-)

E:\BaiduNetdiskDownload\typora>git push 

E:\BaiduNetdiskDownload\typora>cd E:\BaiduNetdiskDownload\typora 

E:\BaiduNetdiskDownload\typora>e:

E:\BaiduNetdiskDownload\typora>echo 2020/03/12 周四11:49:54.80 
2020/03/12 周四11:49:54.80

E:\BaiduNetdiskDownload\typora>git add . 

E:\BaiduNetdiskDownload\typora>git commit -m 'autoSave' 
[master 10a1c56] 'autoSave'
 1 file changed, 15 insertions(+)

E:\BaiduNetdiskDownload\typora>git push 

E:\BaiduNetdiskDownload\typora>cd E:\BaiduNetdiskDownload\typora 

E:\BaiduNetdiskDownload\typora>e:

E:\BaiduNetdiskDownload\typora>echo 2020/03/13 周五11:49:54.79 
2020/03/13 周五11:49:54.79

E:\BaiduNetdiskDownload\typora>git add . 

E:\BaiduNetdiskDownload\typora>git commit -m 'autoSave' 
[master 27a0a44] 'autoSave'
 3 files changed, 22 insertions(+)
 create mode 100644 "note/\344\270\255\351\227\264\344\273\266/spring.md"

E:\BaiduNetdiskDownload\typora>git push 

E:\BaiduNetdiskDownload\typora>cd E:\BaiduNetdiskDownload\typora 

E:\BaiduNetdiskDownload\typora>e:

E:\BaiduNetdiskDownload\typora>echo 2020/03/16 周一11:49:55.32 
2020/03/16 周一11:49:55.32

E:\BaiduNetdiskDownload\typora>git add . 

E:\BaiduNetdiskDownload\typora>git commit -m 'autoSave' 
[master a892738] 'autoSave'
 1 file changed, 1 insertion(+), 2 deletions(-)

E:\BaiduNetdiskDownload\typora>git push 

E:\BaiduNetdiskDownload\typora>cd E:\BaiduNetdiskDownload\typora 

E:\BaiduNetdiskDownload\typora>e:

E:\BaiduNetdiskDownload\typora>echo 2020/03/17 周二11:49:54.52 
2020/03/17 周二11:49:54.52

E:\BaiduNetdiskDownload\typora>git add . 

E:\BaiduNetdiskDownload\typora>git commit -m 'autoSave' 
[master 3923ef0] 'autoSave'
 2 files changed, 16 insertions(+)

E:\BaiduNetdiskDownload\typora>git push 

E:\BaiduNetdiskDownload\typora>cd E:\BaiduNetdiskDownload\typora 

E:\BaiduNetdiskDownload\typora>e:

E:\BaiduNetdiskDownload\typora>echo 2020/03/18 周三11:49:55.81 
2020/03/18 周三11:49:55.81

E:\BaiduNetdiskDownload\typora>git add . 

E:\BaiduNetdiskDownload\typora>git commit -m 'autoSave' 
[master 0fcccbe] 'autoSave'
 2 files changed, 16 insertions(+)

E:\BaiduNetdiskDownload\typora>git push 

E:\BaiduNetdiskDownload\typora>cd E:\BaiduNetdiskDownload\typora 

E:\BaiduNetdiskDownload\typora>e:

E:\BaiduNetdiskDownload\typora>echo 2020/03/19 周四11:49:56.10 
2020/03/19 周四11:49:56.10

E:\BaiduNetdiskDownload\typora>git add . 

E:\BaiduNetdiskDownload\typora>git commit -m 'autoSave' 
[master e61526e] 'autoSave'
 1 file changed, 3 insertions(+)

E:\BaiduNetdiskDownload\typora>git push 

E:\BaiduNetdiskDownload\typora>cd E:\BaiduNetdiskDownload\typora 

E:\BaiduNetdiskDownload\typora>e:

E:\BaiduNetdiskDownload\typora>echo 2020/03/20 周五11:49:55.00 
2020/03/20 周五11:49:55.00

E:\BaiduNetdiskDownload\typora>git add . 

E:\BaiduNetdiskDownload\typora>git commit -m 'autoSave' 
[master 8a8aa4d] 'autoSave'
 1 file changed, 15 insertions(+)

E:\BaiduNetdiskDownload\typora>git push 

E:\BaiduNetdiskDownload\typora>cd E:\BaiduNetdiskDownload\typora 

E:\BaiduNetdiskDownload\typora>e:

E:\BaiduNetdiskDownload\typora>echo 2020/03/21 周六11:49:54.95 
2020/03/21 周六11:49:54.95

E:\BaiduNetdiskDownload\typora>git add . 

E:\BaiduNetdiskDownload\typora>git commit -m 'autoSave' 
[master 417bc7c] 'autoSave'
 1 file changed, 15 insertions(+)

E:\BaiduNetdiskDownload\typora>git push 

E:\BaiduNetdiskDownload\typora>cd E:\BaiduNetdiskDownload\typora 

E:\BaiduNetdiskDownload\typora>e:

E:\BaiduNetdiskDownload\typora>echo 2020/03/23 周一11:49:54.62 
2020/03/23 周一11:49:54.62

E:\BaiduNetdiskDownload\typora>git add . 

E:\BaiduNetdiskDownload\typora>git commit -m 'autoSave' 
[master bdd0194] 'autoSave'
 3 files changed, 40 insertions(+)
 create mode 100644 "note/\346\200\235\346\203\263\344\270\216\350\247\204\350\214\203/\350\247\204\350\214\203.md"
 create mode 100644 "note/\346\200\235\346\203\263\344\270\216\350\247\204\350\214\203/\350\256\276\350\256\241\346\200\235\346\203\263.md"

E:\BaiduNetdiskDownload\typora>git push 

E:\BaiduNetdiskDownload\typora>cd E:\BaiduNetdiskDownload\typora 

E:\BaiduNetdiskDownload\typora>e:

E:\BaiduNetdiskDownload\typora>echo 2020/03/24 周二11:49:54.65 
2020/03/24 周二11:49:54.65

E:\BaiduNetdiskDownload\typora>git add . 

E:\BaiduNetdiskDownload\typora>git commit -m 'autoSave' 
[master 96b99f9] 'autoSave'
 2 files changed, 51 insertions(+)
 create mode 100644 "note/\346\200\235\346\203\263\344\270\216\350\247\204\350\214\203/\345\221\275\345\220\215\350\247\204\350\214\203.md"

E:\BaiduNetdiskDownload\typora>git push 

E:\BaiduNetdiskDownload\typora>cd E:\BaiduNetdiskDownload\typora 

E:\BaiduNetdiskDownload\typora>e:

E:\BaiduNetdiskDownload\typora>echo 2020/03/25 周三11:49:54.34 
2020/03/25 周三11:49:54.34

E:\BaiduNetdiskDownload\typora>git add . 

E:\BaiduNetdiskDownload\typora>git commit -m 'autoSave' 
[master fb113f5] 'autoSave'
 3 files changed, 53 insertions(+), 4 deletions(-)
 create mode 100644 "note/\346\200\235\346\203\263\344\270\216\350\247\204\350\214\203/\344\273\243\347\240\201\350\247\204\350\214\203.md"

E:\BaiduNetdiskDownload\typora>git push 

E:\BaiduNetdiskDownload\typora>cd E:\BaiduNetdiskDownload\typora 

E:\BaiduNetdiskDownload\typora>e:

E:\BaiduNetdiskDownload\typora>echo 2020/03/26 周四11:49:55.93 
2020/03/26 周四11:49:55.93

E:\BaiduNetdiskDownload\typora>git add . 

E:\BaiduNetdiskDownload\typora>git commit -m 'autoSave' 
[master eb46d75] 'autoSave'
 2 files changed, 65 insertions(+), 17 deletions(-)
 rewrite "note/\346\200\235\346\203\263\344\270\216\350\247\204\350\214\203/\344\273\243\347\240\201\350\247\204\350\214\203.md" (83%)

E:\BaiduNetdiskDownload\typora>git push 

E:\BaiduNetdiskDownload\typora>cd E:\BaiduNetdiskDownload\typora 

E:\BaiduNetdiskDownload\typora>e:

E:\BaiduNetdiskDownload\typora>echo 2020/03/27 周五11:49:54.97 
2020/03/27 周五11:49:54.97

E:\BaiduNetdiskDownload\typora>git add . 

E:\BaiduNetdiskDownload\typora>git commit -m 'autoSave' 
[master d6cc551] 'autoSave'
 1 file changed, 16 insertions(+)

E:\BaiduNetdiskDownload\typora>git push 

E:\BaiduNetdiskDownload\typora>cd E:\BaiduNetdiskDownload\typora 

E:\BaiduNetdiskDownload\typora>e:

E:\BaiduNetdiskDownload\typora>echo 2020/03/28 周六11:49:55.52 
2020/03/28 周六11:49:55.52

E:\BaiduNetdiskDownload\typora>git add . 

E:\BaiduNetdiskDownload\typora>git commit -m 'autoSave' 
[master 762c47f] 'autoSave'
 1 file changed, 15 insertions(+)

E:\BaiduNetdiskDownload\typora>git push 

E:\BaiduNetdiskDownload\typora>cd E:\BaiduNetdiskDownload\typora 

E:\BaiduNetdiskDownload\typora>e:

E:\BaiduNetdiskDownload\typora>echo 2020/03/29 周日11:49:55.14 
2020/03/29 周日11:49:55.14

E:\BaiduNetdiskDownload\typora>git add . 

E:\BaiduNetdiskDownload\typora>git commit -m 'autoSave' 
[master 8525526] 'autoSave'
 2 files changed, 32 insertions(+), 1 deletion(-)

E:\BaiduNetdiskDownload\typora>git push 

E:\BaiduNetdiskDownload\typora>cd E:\BaiduNetdiskDownload\typora 

E:\BaiduNetdiskDownload\typora>e:

E:\BaiduNetdiskDownload\typora>echo 2020/03/30 周一11:49:54.59 
2020/03/30 周一11:49:54.59

E:\BaiduNetdiskDownload\typora>git add . 

E:\BaiduNetdiskDownload\typora>git commit -m 'autoSave' 

E:\BaiduNetdiskDownload\typora>cd E:\BaiduNetdiskDownload\typora 

E:\BaiduNetdiskDownload\typora>e:

E:\BaiduNetdiskDownload\typora>echo 2020/03/31 周二11:49:55.37 
2020/03/31 周二11:49:55.37

E:\BaiduNetdiskDownload\typora>git add . 

E:\BaiduNetdiskDownload\typora>git commit -m 'autoSave' 
[master b2674e0] 'autoSave'
 4 files changed, 29 insertions(+), 7 deletions(-)
 create mode 100644 note/asserts/image-20200330125258501.png

E:\BaiduNetdiskDownload\typora>git push 

E:\BaiduNetdiskDownload\typora>cd E:\BaiduNetdiskDownload\typora 

E:\BaiduNetdiskDownload\typora>e:

E:\BaiduNetdiskDownload\typora>echo 2020/04/01 周三11:49:55.30 
2020/04/01 周三11:49:55.30

E:\BaiduNetdiskDownload\typora>git add . 

E:\BaiduNetdiskDownload\typora>git commit -m 'autoSave' 
[master 2bcefb5] 'autoSave'
 2 files changed, 33 insertions(+), 2 deletions(-)

E:\BaiduNetdiskDownload\typora>git push 

E:\BaiduNetdiskDownload\typora>cd E:\BaiduNetdiskDownload\typora 

E:\BaiduNetdiskDownload\typora>e:

E:\BaiduNetdiskDownload\typora>echo 2020/04/02 周四11:49:55.10 
2020/04/02 周四11:49:55.10

E:\BaiduNetdiskDownload\typora>git add . 

E:\BaiduNetdiskDownload\typora>git commit -m 'autoSave' 
[master c7ade1d] 'autoSave'
 2 files changed, 44 insertions(+), 12 deletions(-)

E:\BaiduNetdiskDownload\typora>git push 

E:\BaiduNetdiskDownload\typora>cd E:\BaiduNetdiskDownload\typora 

E:\BaiduNetdiskDownload\typora>e:

E:\BaiduNetdiskDownload\typora>echo 2020/04/03 周五11:49:56.96 
2020/04/03 周五11:49:56.96

E:\BaiduNetdiskDownload\typora>git add . 

E:\BaiduNetdiskDownload\typora>git commit -m 'autoSave' 
[master 7abe951] 'autoSave'
 1 file changed, 15 insertions(+)

E:\BaiduNetdiskDownload\typora>git push 

E:\BaiduNetdiskDownload\typora>cd E:\BaiduNetdiskDownload\typora 

E:\BaiduNetdiskDownload\typora>e:

E:\BaiduNetdiskDownload\typora>echo 2020/04/07 周二11:49:56.01 
2020/04/07 周二11:49:56.01

E:\BaiduNetdiskDownload\typora>git add . 

E:\BaiduNetdiskDownload\typora>git commit -m 'autoSave' 
[master 18e905d] 'autoSave'
 1 file changed, 15 insertions(+)

E:\BaiduNetdiskDownload\typora>git push 

E:\BaiduNetdiskDownload\typora>cd E:\BaiduNetdiskDownload\typora 

E:\BaiduNetdiskDownload\typora>e:

E:\BaiduNetdiskDownload\typora>echo 2020/04/08 周三11:49:55.55 
2020/04/08 周三11:49:55.55

E:\BaiduNetdiskDownload\typora>git add . 

E:\BaiduNetdiskDownload\typora>git commit -m 'autoSave' 
[master a1a5f53] 'autoSave'
 4 files changed, 16 insertions(+)
 create mode 100644 "note/\346\200\235\346\203\263\344\270\216\350\247\204\350\214\203/xmind/\344\273\243\347\240\201\350\257\204\345\210\244\346\240\207\345\207\206.xmind"
 create mode 100644 "note/\346\200\235\346\203\263\344\270\216\350\247\204\350\214\203/xmind/\351\235\242\345\220\221\345\257\271\350\261\241.xmind"

E:\BaiduNetdiskDownload\typora>git push 

E:\BaiduNetdiskDownload\typora>cd E:\BaiduNetdiskDownload\typora 

E:\BaiduNetdiskDownload\typora>e:

E:\BaiduNetdiskDownload\typora>echo 2020/04/09 周四11:49:56.06 
2020/04/09 周四11:49:56.06

E:\BaiduNetdiskDownload\typora>git add . 

E:\BaiduNetdiskDownload\typora>git commit -m 'autoSave' 
[master f2fdc00] 'autoSave'
 2 files changed, 18 insertions(+), 1 deletion(-)

E:\BaiduNetdiskDownload\typora>git push 

E:\BaiduNetdiskDownload\typora>cd E:\BaiduNetdiskDownload\typora 

E:\BaiduNetdiskDownload\typora>e:

E:\BaiduNetdiskDownload\typora>echo 2020/04/10 周五11:49:56.19 
2020/04/10 周五11:49:56.19

E:\BaiduNetdiskDownload\typora>git add . 

E:\BaiduNetdiskDownload\typora>git commit -m 'autoSave' 
[master 1f93192] 'autoSave'
 3 files changed, 16 insertions(+), 1 deletion(-)
 rewrite "note/\346\200\235\346\203\263\344\270\216\350\247\204\350\214\203/xmind/\351\235\242\345\220\221\345\257\271\350\261\241.xmind" (95%)

E:\BaiduNetdiskDownload\typora>git push 

E:\BaiduNetdiskDownload\typora>cd E:\BaiduNetdiskDownload\typora 

E:\BaiduNetdiskDownload\typora>e:

E:\BaiduNetdiskDownload\typora>echo 2020/04/12 周日11:49:54.94 
2020/04/12 周日11:49:54.94

E:\BaiduNetdiskDownload\typora>git add . 

E:\BaiduNetdiskDownload\typora>git commit -m 'autoSave' 
[master 55f1e71] 'autoSave'
 4 files changed, 16 insertions(+)
 rewrite "note/\346\200\235\346\203\263\344\270\216\350\247\204\350\214\203/xmind/\344\273\243\347\240\201\350\257\204\345\210\244\346\240\207\345\207\206.xmind" (98%)
 create mode 100644 "note/\346\200\235\346\203\263\344\270\216\350\247\204\350\214\203/xmind/\350\256\276\350\256\241\345\216\237\345\210\231.xmind"
 rewrite "note/\346\200\235\346\203\263\344\270\216\350\247\204\350\214\203/xmind/\351\235\242\345\220\221\345\257\271\350\261\241.xmind" (95%)

E:\BaiduNetdiskDownload\typora>git push 

E:\BaiduNetdiskDownload\typora>cd E:\BaiduNetdiskDownload\typora 

E:\BaiduNetdiskDownload\typora>e:

E:\BaiduNetdiskDownload\typora>echo 2020/04/14 周二11:49:55.88 
2020/04/14 周二11:49:55.88

E:\BaiduNetdiskDownload\typora>git add . 

E:\BaiduNetdiskDownload\typora>git commit -m 'autoSave' 
[master 1f92f2d] 'autoSave'
 2 files changed, 18 insertions(+)
 rewrite "note/\346\200\235\346\203\263\344\270\216\350\247\204\350\214\203/xmind/\350\256\276\350\256\241\345\216\237\345\210\231.xmind" (87%)

E:\BaiduNetdiskDownload\typora>git push 

E:\BaiduNetdiskDownload\typora>cd E:\BaiduNetdiskDownload\typora 

E:\BaiduNetdiskDownload\typora>e:

E:\BaiduNetdiskDownload\typora>echo 2020/04/15 周三11:49:55.67 
2020/04/15 周三11:49:55.67

E:\BaiduNetdiskDownload\typora>git add . 

E:\BaiduNetdiskDownload\typora>git commit -m 'autoSave' 
[master 24c0516] 'autoSave'
 1 file changed, 0 insertions(+), 0 deletions(-)
 rewrite "note/\346\200\235\346\203\263\344\270\216\350\247\204\350\214\203/xmind/\350\256\276\350\256\241\345\216\237\345\210\231.xmind" (83%)

E:\BaiduNetdiskDownload\typora>git push 

E:\BaiduNetdiskDownload\typora>cd E:\BaiduNetdiskDownload\typora 

E:\BaiduNetdiskDownload\typora>e:

E:\BaiduNetdiskDownload\typora>echo 2020/04/16 周四11:49:55.68 
2020/04/16 周四11:49:55.68

E:\BaiduNetdiskDownload\typora>git add . 

E:\BaiduNetdiskDownload\typora>git commit -m 'autoSave' 
[master 790189e] 'autoSave'
 2 files changed, 16 insertions(+)
 rewrite "note/\346\200\235\346\203\263\344\270\216\350\247\204\350\214\203/xmind/\350\256\276\350\256\241\345\216\237\345\210\231.xmind" (80%)

E:\BaiduNetdiskDownload\typora>git push 

E:\BaiduNetdiskDownload\typora>cd E:\BaiduNetdiskDownload\typora 

E:\BaiduNetdiskDownload\typora>e:

E:\BaiduNetdiskDownload\typora>echo 2020/04/17 周五11:49:55.50 
2020/04/17 周五11:49:55.50

E:\BaiduNetdiskDownload\typora>git add . 

E:\BaiduNetdiskDownload\typora>git commit -m 'autoSave' 
[master 46665cb] 'autoSave'
 2 files changed, 29 insertions(+), 1 deletion(-)

E:\BaiduNetdiskDownload\typora>git push 

E:\BaiduNetdiskDownload\typora>cd E:\BaiduNetdiskDownload\typora 

E:\BaiduNetdiskDownload\typora>e:

E:\BaiduNetdiskDownload\typora>echo 2020/04/18 周六11:49:55.23 
2020/04/18 周六11:49:55.23

E:\BaiduNetdiskDownload\typora>git add . 

E:\BaiduNetdiskDownload\typora>git commit -m 'autoSave' 
[master 6411bfe] 'autoSave'
 2 files changed, 33 insertions(+), 1 deletion(-)

E:\BaiduNetdiskDownload\typora>git push 

E:\BaiduNetdiskDownload\typora>cd E:\BaiduNetdiskDownload\typora 

E:\BaiduNetdiskDownload\typora>e:

E:\BaiduNetdiskDownload\typora>echo 2020/04/19 周日11:49:55.50 
2020/04/19 周日11:49:55.50

E:\BaiduNetdiskDownload\typora>git add . 

E:\BaiduNetdiskDownload\typora>git commit -m 'autoSave' 
[master a6a1378] 'autoSave'
 1 file changed, 15 insertions(+)

E:\BaiduNetdiskDownload\typora>git push 

E:\BaiduNetdiskDownload\typora>cd E:\BaiduNetdiskDownload\typora 

E:\BaiduNetdiskDownload\typora>e:

E:\BaiduNetdiskDownload\typora>echo 2020/04/20 周一11:49:55.29 
2020/04/20 周一11:49:55.29

E:\BaiduNetdiskDownload\typora>git add . 

E:\BaiduNetdiskDownload\typora>git commit -m 'autoSave' 
[master 4ebf973] 'autoSave'
 1 file changed, 15 insertions(+)

E:\BaiduNetdiskDownload\typora>git push 

E:\BaiduNetdiskDownload\typora>cd E:\BaiduNetdiskDownload\typora 

E:\BaiduNetdiskDownload\typora>e:

E:\BaiduNetdiskDownload\typora>echo 2020/04/21 周二11:50:36.36 
2020/04/21 周二11:50:36.36

E:\BaiduNetdiskDownload\typora>git add . 

E:\BaiduNetdiskDownload\typora>git commit -m 'autoSave' 
[master 9d27836] 'autoSave'
 3 files changed, 18 insertions(+)
 rewrite "note/\346\200\235\346\203\263\344\270\216\350\247\204\350\214\203/xmind/\350\256\276\350\256\241\345\216\237\345\210\231.xmind" (67%)

E:\BaiduNetdiskDownload\typora>git push 

E:\BaiduNetdiskDownload\typora>cd E:\BaiduNetdiskDownload\typora 

E:\BaiduNetdiskDownload\typora>e:

E:\BaiduNetdiskDownload\typora>echo 2020/04/22 周三11:49:56.10 
2020/04/22 周三11:49:56.10

E:\BaiduNetdiskDownload\typora>git add . 

E:\BaiduNetdiskDownload\typora>git commit -m 'autoSave' 
[master c390d06] 'autoSave'
 3 files changed, 141 insertions(+)
 create mode 100644 "note/\345\267\245\344\275\234/\345\212\250\346\200\201\347\225\214\351\235\242\350\256\276\350\256\241.md"
 create mode 100644 "note/\345\267\245\344\275\234/\346\235\203\351\231\220\345\212\237\350\203\275\350\256\276\350\256\241.md"

E:\BaiduNetdiskDownload\typora>git push 

E:\BaiduNetdiskDownload\typora>cd E:\BaiduNetdiskDownload\typora 

E:\BaiduNetdiskDownload\typora>e:

E:\BaiduNetdiskDownload\typora>echo 2020/04/23 周四11:49:55.65 
2020/04/23 周四11:49:55.65

E:\BaiduNetdiskDownload\typora>git add . 

E:\BaiduNetdiskDownload\typora>git commit -m 'autoSave' 
[master 19de807] 'autoSave'
 3 files changed, 88 insertions(+), 5 deletions(-)
 rewrite "note/\346\200\235\346\203\263\344\270\216\350\247\204\350\214\203/xmind/\350\256\276\350\256\241\345\216\237\345\210\231.xmind" (74%)

E:\BaiduNetdiskDownload\typora>git push 

E:\BaiduNetdiskDownload\typora>cd E:\BaiduNetdiskDownload\typora 

E:\BaiduNetdiskDownload\typora>e:

E:\BaiduNetdiskDownload\typora>echo 2020/04/24 周五11:49:55.09 
2020/04/24 周五11:49:55.09

E:\BaiduNetdiskDownload\typora>git add . 

E:\BaiduNetdiskDownload\typora>git commit -m 'autoSave' 
[master 32adce5] 'autoSave'
 2 files changed, 130 insertions(+), 9 deletions(-)

E:\BaiduNetdiskDownload\typora>git push 

E:\BaiduNetdiskDownload\typora>cd E:\BaiduNetdiskDownload\typora 

E:\BaiduNetdiskDownload\typora>e:

E:\BaiduNetdiskDownload\typora>echo 2020/04/25 周六11:49:55.95 
2020/04/25 周六11:49:55.95

E:\BaiduNetdiskDownload\typora>git add . 

E:\BaiduNetdiskDownload\typora>git commit -m 'autoSave' 
[master 98c4023] 'autoSave'
 2 files changed, 79 insertions(+), 19 deletions(-)

E:\BaiduNetdiskDownload\typora>git push 

E:\BaiduNetdiskDownload\typora>cd E:\BaiduNetdiskDownload\typora 

E:\BaiduNetdiskDownload\typora>e:

E:\BaiduNetdiskDownload\typora>echo 2020/04/26 周日11:49:55.46 
2020/04/26 周日11:49:55.46

E:\BaiduNetdiskDownload\typora>git add . 

E:\BaiduNetdiskDownload\typora>git commit -m 'autoSave' 
[master b8a9ca7] 'autoSave'
 1 file changed, 15 insertions(+)

E:\BaiduNetdiskDownload\typora>git push 

E:\BaiduNetdiskDownload\typora>cd E:\BaiduNetdiskDownload\typora 

E:\BaiduNetdiskDownload\typora>e:

E:\BaiduNetdiskDownload\typora>echo 2020/04/27 周一11:49:55.70 
2020/04/27 周一11:49:55.70

E:\BaiduNetdiskDownload\typora>git add . 

E:\BaiduNetdiskDownload\typora>git commit -m 'autoSave' 
[master cb77a40] 'autoSave'
 2 files changed, 4 insertions(+)
 create mode 100644 note/desktop.ini

E:\BaiduNetdiskDownload\typora>git push 
